exports[`Testing cryptodata  component Snapshot testing 1`] = `
Array [
  <header>
      <p>Stockbyte</p>
    </header>
    <section className="intro">
      <div>
        <h2>CryptoByte</h2>
        <p>Web App for Crypto Lovers</p>
      </div>
    </section>
    <section>
        <div className="title"><h1>List of Cryptos - Live Data</h1></div>
        <ul>
             
              <li className="crypto-item">
                <div className="crypto-meta">
                  
                </div>
                
              </li>
        
       
        </ul>
      </section>
  ",",
]
`;